07-18 20:15:09.664 V/WindowManager( 1367):   frameRateBoostOnTouch=true
07-18 20:15:09.664 V/WindowManager( 1367):   dvrrWindowFrameRateHint=true naviIconColor=0}
07-18 20:15:09.668 I/SurfaceFlinger(  862): [LayerHierarchy{RequestedLayerState{Bounds for - com.android.chrome/com.google.android.apps.chrome.Main@26#9582} 1 children}] reparent to OffscreenRoot
07-18 20:15:09.668 I/SurfaceFlinger(  862): [LayerHierarchy{RequestedLayerState{Bounds for - com.android.chrome/com.google.android.apps.chrome.Main@26#9582} 1 children}] RelativeParent to null
07-18 20:15:09.668 I/SurfaceFlinger(  862): [Surface(name=6862d00 InputMethod)/@0x54b4ff5 - animation-leash of insets_animation#9600] attach to parent LayerHierarchy{RequestedLayerState{WindowToken{31133c9 type=2011 android.os.Binder@70b97d0}#119 parentId=16} 2 children}
07-18 20:15:09.668 I/VRI[Main]@d6d40cb( 4764): Relayout returned: old=(0,0,720,1520) new=(0,0,720,1520) relayoutAsync=false req=(720,1520)8 dur=9 res=0x2 s={false 0x0} ch=true seqId=0
07-18 20:15:09.669 I/SurfaceView@e66eb86( 4764): windowStopped(true) false android.view.SurfaceView{e66eb86 V.ED..... ........ 0,0-720,1379} of VRI[Main]@d6d40cb
07-18 20:15:09.669 D/SurfaceView@e66eb86( 4764): updateSurface: surface is not valid
07-18 20:15:09.669 I/SurfaceView@e66eb86( 4764): releaseSurfaces: viewRoot = VRI[Main]@d6d40cb
07-18 20:15:09.669 D/VRI[Main]@d6d40cb( 4764): applyTransactionOnDraw applyImmediately
07-18 20:15:09.669 I/SurfaceFlinger(  862): id=9582 Removed Bounds for - com.android.chrome/com.google.android.apps.chrome.Main@26#9582 (199)
07-18 20:15:09.670 D/SurfaceView@e66eb86( 4764): updateSurface: surface is not valid
07-18 20:15:09.670 I/SurfaceView@e66eb86( 4764): releaseSurfaces: viewRoot = VRI[Main]@d6d40cb
07-18 20:15:09.670 D/VRI[Main]@d6d40cb( 4764): applyTransactionOnDraw applyImmediately
07-18 20:15:09.671 D/VRI[Main]@d6d40cb( 4764): Not drawing due to not visible. Reason=!mAppVisible && !mForceDecorViewVisibility
07-18 20:15:09.671 D/VRI[Main]@d6d40cb( 4764): Pending transaction will not be applied in sync with a draw due to view not visible
07-18 20:15:09.672 I/VRI[StatusBar]@8751ed3( 1784): handleResized, frames=ClientWindowFrames{frame=[0,0][720,57] display=[0,0][720,1520] parentFrame=[0,0][0,0]} displayId=0 dragResizing=false compatScale=1.0 frameChanged=false attachedFrameChanged=false configChanged=false displayChanged=false compatScaleChanged=false dragResizingChanged=false
07-18 20:15:09.672 I/VRI[NavigationBar0]@7a1476( 1784): handleResized, frames=ClientWindowFrames{frame=[0,1436][720,1520] display=[0,0][720,1520] parentFrame=[0,0][0,0]} displayId=0 dragResizing=false compatScale=1.0 frameChanged=false attachedFrameChanged=false configChanged=false displayChanged=false compatScaleChanged=false dragResizingChanged=false
07-18 20:15:09.672 I/VRI[CocktailBarService]@4555883( 2457): handleResized, frames=ClientWindowFrames{frame=[653,247][720,475] display=[0,0][720,1520] parentFrame=[0,0][0,0]} displayId=0 dragResizing=false compatScale=1.0 frameChanged=false attachedFrameChanged=false configChanged=false displayChanged=false compatScaleChanged=false dragResizingChanged=false
07-18 20:15:09.673 I/cr_BindingManager( 4764): onTrimMemory: level=20, size=0
07-18 20:15:09.673 D/HWUI    ( 4764): CacheManager::trimMemory(20)
07-18 20:15:09.674 W/WindowOnBackDispatcher( 4764): sendCancelIfRunning: isInProgress=false callback=kch@8b50e39
07-18 20:15:09.675 D/CoreBackPreview( 1367): Window{86cf0b3 u0 com.android.chrome/com.google.android.apps.chrome.Main}: Setting back callback OnBackInvokedCallbackInfo{mCallback=android.window.IOnBackInvokedCallback$Stub$Proxy@dd3e275, mPriority=-1, mIsAnimationCallback=false}
07-18 20:15:09.675 I/VRI[Main]@d6d40cb( 4764): stopped(true) old = false
07-18 20:15:09.676 D/VRI[Main]@d6d40cb( 4764): WindowStopped on com.android.chrome/com.google.android.apps.chrome.Main set to true
07-18 20:15:09.676 I/InsetsSourceConsumer(31715): applyRequestedVisibilityToControl: visible=false, type=ime, host=com.gearup.booster/com.gearup.booster.ui.activity.MainActivity
07-18 20:15:09.677 I/VRI[MainActivity]@61f5b98(31715): handleResized, frames=ClientWindowFrames{frame=[0,0][720,1520] display=[0,0][720,1520] parentFrame=[0,0][0,0]} displayId=0 dragResizing=false compatScale=1.0 frameChanged=false attachedFrameChanged=false configChanged=false displayChanged=false compatScaleChanged=false dragResizingChanged=false
07-18 20:15:09.677 D/InputMethodManagerService( 1367): isImeSwitcherDisabledPackage : false
07-18 20:15:09.677 D/NavigationBar( 1784): setImeWindowStatus displayId=0 vis=0 backDisposition=0 showImeSwitcher=false imeShown=false
07-18 20:15:09.677 I/InputMethodService( 6169): scheduleImeSurfaceRemoval: removeImeSurface is posted.
07-18 20:15:09.678 D/HWUI    ( 4764): CacheManager::trimMemory(20)
07-18 20:15:09.685 E/SurfaceFlinger(  862): alpha changed 1.000 -> 0.000 - Surface(name=6862d00 InputMethod)/@0x54b4ff5 - animation-leash of insets_animation#9600
07-18 20:15:09.685 I/SurfaceFlinger(  862): destroyed Bounds for - com.android.chrome/com.google.android.apps.chrome.Main@26#9582
07-18 20:15:09.685 I/SurfaceFlinger(  862): [LayerHierarchy{RequestedLayerState{ImeContainer#16 parentId=9298 relativeParentId=9298 z=3} 1 children}] reparent to LayerHierarchy{RequestedLayerState{ActivityRecord{b305861 u0 com.gearup.booster/.ui.activity.MainActivity t85}#9298 parentId=9267} 4 children}
07-18 20:15:09.685 I/SurfaceFlinger(  862): [LayerHierarchy{RequestedLayerState{ImeContainer#16 parentId=9298 relativeParentId=9298 z=3} 1 children}] RelativeParent to null
07-18 20:15:09.685 I/SurfaceFlinger(  862): [LayerHierarchy{RequestedLayerState{6862d00 InputMethod#125 parentId=9600} no children}] reparent to LayerHierarchy{RequestedLayerState{Surface(name=6862d00 InputMethod)/@0x54b4ff5 - animation-leash of insets_animation#9600 parentId=119} 1 children}
07-18 20:15:09.685 I/SurfaceFlinger(  862): [LayerHierarchy{RequestedLayerState{SurfaceView[com.android.chrome/com.google.android.apps.chrome.Main]@0#9583 z=-1} 2 children}] reparent to OffscreenRoot
07-18 20:15:09.685 I/SurfaceFlinger(  862): [LayerHierarchy{RequestedLayerState{SurfaceView[com.android.chrome/com.google.android.apps.chrome.Main]@0#9583 z=-1} 2 children}] RelativeParent to null
07-18 20:15:09.685 I/SurfaceFlinger(  862): [LayerHierarchy{RequestedLayerState{SurfaceView[com.android.chrome/com.google.android.apps.chrome.Main]@0(BLAST)#9584} 1 children}] reparent to OffscreenRoot
07-18 20:15:09.685 I/SurfaceFlinger(  862): [LayerHierarchy{RequestedLayerState{SurfaceView[com.android.chrome/com.google.android.apps.chrome.Main]@0(BLAST)#9584} 1 children}] RelativeParent to null
07-18 20:15:09.685 I/SurfaceFlinger(  862): [LayerHierarchy{RequestedLayerState{Surface(name=6862d00 InputMethod)/@0x54b4ff5 - animation-leash of insets_animation#9588} no children}] reparent to OffscreenRoot
07-18 20:15:09.685 I/SurfaceFlinger(  862): [LayerHierarchy{RequestedLayerState{Surface(name=6862d00 InputMethod)/@0x54b4ff5 - animation-leash of insets_animation#9588} no children}] RelativeParent to null
07-18 20:15:09.685 I/SurfaceFlinger(  862): [LayerHierarchy{RequestedLayerState{Background for SurfaceView[com.android.chrome/com.google.android.apps.chrome.Main]@0#9585 z=-2147483648} no children}] reparent to OffscreenRoot
07-18 20:15:09.685 I/SurfaceFlinger(  862): [LayerHierarchy{RequestedLayerState{Background for SurfaceView[com.android.chrome/com.google.android.apps.chrome.Main]@0#9585 z=-2147483648} no children}] RelativeParent to null
07-18 20:15:09.686 I/Layer   (  862): id=9582 Destroyed Bounds for - com.android.chrome/com.google.android.apps.chrome.Main@26#9582
07-18 20:15:09.686 I/SurfaceFlinger(  862): id=9583 Removed SurfaceView[com.android.chrome/com.google.android.apps.chrome.Main]@0#9583 (198)
07-18 20:15:09.686 I/SurfaceFlinger(  862): id=9585 Removed Background for SurfaceView[com.android.chrome/com.google.android.apps.chrome.Main]@0#9585 (198)
07-18 20:15:09.686 I/SurfaceFlinger(  862): id=9584 Removed SurfaceView[com.android.chrome/com.google.android.apps.chrome.Main]@0(BLAST)#9584 (198)
07-18 20:15:09.686 I/SurfaceFlinger(  862): id=9588 Removed Surface(name=6862d00 InputMethod)/@0x54b4ff5 - animation-leash of insets_animation#9588 (198)
07-18 20:15:09.688 D/ConnectivityManager( 4764): StackLog: [android.net.ConnectivityManager.unregisterNetworkCallback(ConnectivityManager.java:5470)] [llg.g(chromium-TrichromeChromeGoogle6432.aab-stable-782711433:17)] [hvk.y0(chromium-TrichromeChromeGoogle6432.aab-stable-782711433:13)] [ry0.a(chromium-TrichromeChromeGoogle6432.aab-stable-782711433:285)] [ry0.onActivityStopped(chromium-TrichromeChromeGoogle6432.aab-stable-782711433:2)] [android.app.Application.dispatchActivityStopped(Unknown Source:14)] [android.app.Activity.dispatchActivityStopped(Unknown Source:25)] [android.app.Activity.onStop(Unknown Source:15)] [androidx.fragment.app.FragmentActivity.onStop(chromium-TrichromeChromeGoogle6432.aab-stable-782711433:1)] [un0.onStop(chromium-TrichromeChromeGoogle6432.aab-stable-782711433:1)] [a51.onStop(chromium-TrichromeChromeGoogle6432.aab-stable-782711433:1)] [mx3.onStop(chromium-TrichromeChromeGoogle6432.aab-stable-782711433:1)] [org.chromium.chrome.browser.ChromeTabbedActivity.onStop(chromium-TrichromeChromeGoogle6432.aab-stable-782711433:8)] [android.app.Instrumentation.callActivityOnStop(Unknown Source:0)] [android.app.Activity.performStop(Unknown Source:98)] [android.app.ActivityThread.callActivityOnStop(Unknown Source:36)] [android.app.ActivityThread.performStopActivityInner(Unknown Source:139)] [android.app.ActivityThread.handleStopActivity(Unknown Source:11)] [android.app.servertransaction.StopActivityItem.execute(Unknown Source:10)] [android.app.servertransaction.ActivityTransactionItem.execute(Unknown Source:4)] [android.app.servertransaction.TransactionExecutor.executeLifecycleItem(Unknown Source:44)] [android.app.servertransaction.TransactionExecutor.executeTransactionItems(Unknown Source:26)] [android.app.servertransaction.TransactionExecutor.execute(Unknown Source:13)] [android.app.ActivityThread$H.handleMessage(Unknown Source:288)]
07-18 20:15:09.690 D/ConnectivityManager( 4764): StackLog: [android.net.ConnectivityManager.unregisterNetworkCallback(ConnectivityManager.java:5470)] [llg.g(chromium-TrichromeChromeGoogle6432.aab-stable-782711433:26)] [hvk.y0(chromium-TrichromeChromeGoogle6432.aab-stable-782711433:13)] [ry0.a(chromium-TrichromeChromeGoogle6432.aab-stable-782711433:285)] [ry0.onActivityStopped(chromium-TrichromeChromeGoogle6432.aab-stable-782711433:2)] [android.app.Application.dispatchActivityStopped(Unknown Source:14)] [android.app.Activity.dispatchActivityStopped(Unknown Source:25)] [android.app.Activity.onStop(Unknown Source:15)] [androidx.fragment.app.FragmentActivity.onStop(chromium-TrichromeChromeGoogle6432.aab-stable-782711433:1)] [un0.onStop(chromium-TrichromeChromeGoogle6432.aab-stable-782711433:1)] [a51.onStop(chromium-TrichromeChromeGoogle6432.aab-stable-782711433:1)] [mx3.onStop(chromium-TrichromeChromeGoogle6432.aab-stable-782711433:1)] [org.chromium.chrome.browser.ChromeTabbedActivity.onStop(chromium-TrichromeChromeGoogle6432.aab-stable-782711433:8)] [android.app.Instrumentation.callActivityOnStop(Unknown Source:0)] [android.app.Activity.performStop(Unknown Source:98)] [android.app.ActivityThread.callActivityOnStop(Unknown Source:36)] [android.app.ActivityThread.performStopActivityInner(Unknown Source:139)] [android.app.ActivityThread.handleStopActivity(Unknown Source:11)] [android.app.servertransaction.StopActivityItem.execute(Unknown Source:10)] [android.app.servertransaction.ActivityTransactionItem.execute(Unknown Source:4)] [android.app.servertransaction.TransactionExecutor.executeLifecycleItem(Unknown Source:44)] [android.app.servertransaction.TransactionExecutor.executeTransactionItems(Unknown Source:26)] [android.app.servertransaction.TransactionExecutor.execute(Unknown Source:13)] [android.app.ActivityThread$H.handleMessage(Unknown Source:288)]
07-18 20:15:09.690 D/ConnectivityService( 1367):  Removing from current network [130 WIFI], leaving 157 requests.
07-18 20:15:09.694 I/HBD     ( 6169): a [SKE_SPECIFIC] specific model[com.gearup.booster] loaded, 34454423 ns
07-18 20:15:09.702 I/SurfaceFlinger(  862): destroyed com.android.chrome/ChromeNativeWindowSurface#9586
07-18 20:15:09.702 I/SurfaceFlinger(  862): destroyed SurfaceView[com.android.chrome/com.google.android.apps.chrome.Main]@0#9583
07-18 20:15:09.702 I/SurfaceFlinger(  862): destroyed SurfaceView[com.android.chrome/com.google.android.apps.chrome.Main]@0(BLAST)#9584
07-18 20:15:09.702 I/SurfaceFlinger(  862): destroyed Surface(name=6862d00 InputMethod)/@0x54b4ff5 - animation-leash of insets_animation#9588
07-18 20:15:09.702 I/SurfaceFlinger(  862): destroyed com.android.chrome/ChromeChildSurface#9587
07-18 20:15:09.702 I/SurfaceFlinger(  862): destroyed Background for SurfaceView[com.android.chrome/com.google.android.apps.chrome.Main]@0#9585
07-18 20:15:09.702 I/Layer   (  862): id=9586 Destroyed com.android.chrome/ChromeNativeWindowSurface#9586
07-18 20:15:09.702 I/Layer   (  862): id=9587 Destroyed com.android.chrome/ChromeChildSurface#9587
07-18 20:15:09.703 I/Layer   (  862): id=9588 Destroyed Surface(name=6862d00 InputMethod)/@0x54b4ff5 - animation-leash of insets_animation#9588
07-18 20:15:09.703 I/Layer   (  862): id=9585 Destroyed Background for SurfaceView[com.android.chrome/com.google.android.apps.chrome.Main]@0#9585
07-18 20:15:09.703 I/Layer   (  862): id=9583 Destroyed SurfaceView[com.android.chrome/com.google.android.apps.chrome.Main]@0#9583
07-18 20:15:09.703 I/Layer   (  862): id=9584 Destroyed SurfaceView[com.android.chrome/com.google.android.apps.chrome.Main]@0(BLAST)#9584
07-18 20:15:09.722 D/InputTransport( 4764): Input channel destroyed: 'ClientS', fd=365
07-18 20:15:09.724 D/SurfaceView@e66eb86( 4764): updateSurface: surface is not valid
07-18 20:15:09.724 I/SurfaceView@e66eb86( 4764): releaseSurfaces: viewRoot = VRI[Main]@d6d40cb
07-18 20:15:09.724 D/VRI[Main]@d6d40cb( 4764): applyTransactionOnDraw applyImmediately
07-18 20:15:09.725 D/WindowManager( 1367): Starting window removed Window{41c7445 u0 SnapshotStartingWindow for taskId=85}
07-18 20:15:09.725 V/WindowManager( 1367): Remove Window{41c7445 u0 SnapshotStartingWindow for taskId=85}: mSurfaceController=Surface(name=SnapshotStartingWindow for taskId=85$_1784)/@0x36d74d6 mAnimatingExit=false mRemoveOnExit=false mHasSurface=true surfaceShowing=true animating=false app-animation=false mDisplayFrozen=false callers=com.android.server.wm.Session.remove:15 android.view.IWindowSession$Stub.onTransact:2278 com.android.server.wm.Session.onTransact:0 android.os.Binder.execTransactInternal:79 android.os.Binder.execTransact:39 <bottom of call stack> 
07-18 20:15:09.725 I/WindowManager( 1367): Reparenting to leash, surface=Surface(name=41c7445 SnapshotStartingWindow for taskId=85)/@0xd710633, syncState=0, syncCommitDepth=0, leashParent=Surface(name=ActivityRecord{b305861 u0 com.gearup.booster/.ui.activity.MainActivity t85})/@0xbfbc0ce
07-18 20:15:09.726 I/SurfaceFlinger(  862): id=9601 createSurf, flag=24000, Surface(name=41c7445 SnapshotStartingWindow for taskId=85)/@0xd710633 - animation-leash of window_animation#9601
07-18 20:15:09.726 D/WindowManager( 1367): makeSurface duration=0 leash=Surface(name=Surface(name=41c7445 SnapshotStartingWindow for taskId=85)/@0xd710633 - animation-leash of window_animation)/@0x2b82357
07-18 20:15:09.728 E/WindowManager( 1367): win=Window{86cf0b3 u0 com.android.chrome/com.google.android.apps.chrome.Main} destroySurfaces: appStopped=true cleanupOnResume=false win.mWindowRemovalAllowed=false win.mRemoveOnExit=false win.mViewVisibility=8 caller=com.android.server.wm.ActivityRecord.destroySurfaces:24 com.android.server.wm.ActivityRecord.activityStopped:203 com.android.server.wm.ActivityClientController.activityStopped:94 android.app.IActivityClientController$Stub.onTransact:1478 com.android.server.wm.ActivityClientController.onTransact:0 android.os.Binder.execTransactInternal:94 android.os.Binder.execTransact:39 
07-18 20:15:09.728 I/WindowManager( 1367): Destroying surface Surface(name=com.android.chrome/com.google.android.apps.chrome.Main$_4764)/@0xf75be44 called by com.android.server.wm.WindowStateAnimator.destroySurface:10 com.android.server.wm.WindowStateAnimator.destroySurfaceLocked:53 com.android.server.wm.WindowState.destroySurfaceUnchecked:4 com.android.server.wm.WindowState.destroySurface:125 com.android.server.wm.ActivityRecord.destroySurfaces:24 com.android.server.wm.ActivityRecord.activityStopped:203 com.android.server.wm.ActivityClientController.activityStopped:94 android.app.IActivityClientController$Stub.onTransact:1478 
07-18 20:15:09.728 D/SGM:FgCheckThread( 1367): getForegroundApp(), foregroundPkgName=com.gearup.booster
07-18 20:15:09.728 D/SGM:FgCheckThread( 1367): pkgName: com.android.chrome is not in foreground
07-18 20:15:09.728 D/SGM:FgCheckThread( 1367): noteStopComponent(), received pkgName: com.android.chrome, focusedPkgName: com.gearup.booster, userId: 0
07-18 20:15:09.729 W/IPCThreadState( 1367): Sending oneway calls to frozen process.
07-18 20:15:09.730 D/PkgPredictorService-SecIpmManagerServiceImpl( 1367): bg information pid:4764 uid:10313 pkgName:com.android.chrome
07-18 20:15:09.732 W/UserManagerService( 1367): Requested status bar icon for non-badged user 0
07-18 20:15:09.735 I/SurfaceFlinger(  862): [LayerHierarchy{RequestedLayerState{com.android.chrome/com.google.android.apps.chrome.Main$_4764#9581} no children}] reparent to OffscreenRoot
07-18 20:15:09.735 I/SurfaceFlinger(  862): [LayerHierarchy{RequestedLayerState{com.android.chrome/com.google.android.apps.chrome.Main$_4764#9581} no children}] RelativeParent to null
07-18 20:15:09.735 I/SurfaceFlinger(  862): [Surface(name=41c7445 SnapshotStartingWindow for taskId=85)/@0xd710633 - animation-leash of window_animation#9601] attach to parent LayerHierarchy{RequestedLayerState{ActivityRecord{b305861 u0 com.gearup.booster/.ui.activity.MainActivity t85}#9298 parentId=9267} 5 children}
07-18 20:15:09.736 D/PowerManagerService( 1367): [api] setPowerBoost(L) boost:0, durationMs:0, caller (uid: 1000 pid: 1367) <- m() in com.android.server.display.DisplayManagerService$BinderService$$ExternalSyntheticOutline0:0
07-18 20:15:09.737 I/SurfaceFlinger(  862): id=9581 Removed com.android.chrome/com.google.android.apps.chrome.Main$_4764#9581 (193)
07-18 20:15:09.742 I/cr_OPArchivePublisher( 4764): ADM threw while trying to remove a download. java.lang.IllegalArgumentException: input param 'ids' can't be null
07-18 20:15:09.744 I/HoneySpace.EdgePanel.EdgeVisibilityRepository( 2457): getComputedTrayVisible : keyguardState = 1
07-18 20:15:09.744 I/HoneySpace.EdgePanel.EdgeVisibilityRepository( 2457): updateTrayVisible: State = 0x1 , visible = true , current containerState = 0 , specificMode = 0
07-18 20:15:09.744 I/HoneySpace.EdgePanel.EdgeVisibilityRepository( 2457): Same container state 0
07-18 20:15:09.752 I/SurfaceFlinger(  862): destroyed com.android.chrome/com.google.android.apps.chrome.Main$_4764#9581
07-18 20:15:09.752 I/SurfaceFlinger(  862): [LayerHierarchy{RequestedLayerState{41c7445 SnapshotStartingWindow for taskId=85#9591 parentId=9601 z=2147483647} 1 children}] reparent to LayerHierarchy{RequestedLayerState{Surface(name=41c7445 SnapshotStartingWindow for taskId=85)/@0xd710633 - animation-leash of window_animation#9601 parentId=9298 z=2147483647} 1 children}
07-18 20:15:09.754 I/Layer   (  862): id=9581 Destroyed com.android.chrome/com.google.android.apps.chrome.Main$_4764#9581
07-18 20:15:09.807 I/HYPER-HAL(  794): [RequestManager.cpp]releaseLocked(): Released ID : 958437
07-18 20:15:09.819 I/WindowManager( 1367): Reparenting to original parent: Surface(name=ActivityRecord{b305861 u0 com.gearup.booster/.ui.activity.MainActivity t85})/@0xbfbc0ce, destroy=true, syncState=0, syncCommitDepth=0, surface=Surface(name=41c7445 SnapshotStartingWindow for taskId=85)/@0xd710633
07-18 20:15:09.819 E/WindowManager( 1367): win=Window{41c7445 u0 SnapshotStartingWindow for taskId=85 EXITING} destroySurfaces: appStopped=false cleanupOnResume=false win.mWindowRemovalAllowed=true win.mRemoveOnExit=true win.mViewVisibility=0 caller=com.android.server.wm.WindowState.onExitAnimationDone:221 com.android.server.wm.WindowState.onAnimationFinished:160 com.android.server.wm.WindowContainer$$ExternalSyntheticLambda5.onAnimationFinished:25 com.android.server.wm.SurfaceAnimator$$ExternalSyntheticLambda1.run:27 com.android.server.wm.SurfaceAnimator$$ExternalSyntheticLambda0.onAnimationFinished:64 com.android.server.wm.LocalAnimationAdapter$$ExternalSyntheticLambda0.run:9 android.os.Handler.handleCallback:2 
07-18 20:15:09.819 I/WindowManager( 1367): Destroying surface Surface(name=SnapshotStartingWindow for taskId=85$_1784)/@0x36d74d6 called by com.android.server.wm.WindowStateAnimator.destroySurface:10 com.android.server.wm.WindowStateAnimator.destroySurfaceLocked:53 com.android.server.wm.WindowState.destroySurfaceUnchecked:4 com.android.server.wm.WindowState.destroySurface:125 com.android.server.wm.WindowState.onExitAnimationDone:221 com.android.server.wm.WindowState.onAnimationFinished:160 com.android.server.wm.WindowContainer$$ExternalSyntheticLambda5.onAnimationFinished:25 com.android.server.wm.SurfaceAnimator$$ExternalSyntheticLambda1.run:27 
07-18 20:15:09.832 D/NetdEventListenerService( 1367): DNS Requested by 130, 10406(com.gearup.booster), SUCCESS, 196ms
07-18 20:15:09.835 E/SurfaceFlinger(  862): alpha changed 0.107 -> 0.000 - Surface(name=41c7445 SnapshotStartingWindow for taskId=85)/@0xd710633 - animation-leash of window_animation#9601
07-18 20:15:09.835 I/SurfaceFlinger(  862): [LayerHierarchy{RequestedLayerState{SnapshotStartingWindow for taskId=85$_1784#9592} no children}] reparent to OffscreenRoot
07-18 20:15:09.835 I/SurfaceFlinger(  862): [LayerHierarchy{RequestedLayerState{SnapshotStartingWindow for taskId=85$_1784#9592} no children}] RelativeParent to null
07-18 20:15:09.843 D/SurfaceFlinger(  862): Display 0 HWC layers:
07-18 20:15:09.843 D/SurfaceFlinger(  862):        DEVICE |   0xb400007595c14770 | 0001 | RGBA_8888    |    0.0    0.0  720.0 1520.0 |    0    0 1440 3040 | com.gearup.booster/com.gearup.booster.ui.activity.MainActivity$_31715#9599 (20)
07-18 20:15:09.843 D/SurfaceFlinger(  862):        DEVICE |   0xb400007595c1fc90 | 0001 | RGBA_8888    |    0.0    0.0  720.0   57.0 |    0    0 1440  114 | StatusBar$_1784#91 (12079)
07-18 20:15:09.843 D/SurfaceFlinger(  862):        DEVICE |   0xb400007595c1dad0 | 0001 | RGBA_8888    |    0.0    0.0   67.0  228.0 | 1306  494 1440  950 | com.sec.android.app.launcher/com.sam[...]el.app.CocktailBarService$_2457#9452 (3)
07-18 20:15:09.843 D/SurfaceFlinger(  862):        DEVICE |   0xb400007595c26650 | 0001 | RGBA_8888    |    0.0    0.0  720.0   84.0 |    0 2872 1440 3040 | NavigationBar0$_1784#87 (7731)
07-18 20:15:09.843 D/SurfaceFlinger(  862): 
07-18 20:15:09.852 I/SurfaceFlinger(  862): Layer [SnapshotStartingWindow for taskId=85$_1784#9592] hidden!! flag(1)
07-18 20:15:09.852 I/SurfaceFlinger(  862): [LayerHierarchy{RequestedLayerState{ImeContainer#16 parentId=9298 relativeParentId=9299 z=1} 1 children}] RelativeParent to LayerHierarchy{RequestedLayerState{2d87409 com.gearup.booster/com.gearup.booster.ui.activity.MainActivity#9299 parentId=9298} 2 children}
07-18 20:15:09.852 I/SurfaceFlinger(  862): [LayerHierarchy{RequestedLayerState{Surface(name=41c7445 SnapshotStartingWindow for taskId=85)/@0xd710633 - animation-leash of window_animation#9601 z=2147483647} 1 children}] reparent to OffscreenRoot
07-18 20:15:09.852 I/SurfaceFlinger(  862): [LayerHierarchy{RequestedLayerState{Surface(name=41c7445 SnapshotStartingWindow for taskId=85)/@0xd710633 - animation-leash of window_animation#9601 z=2147483647} 1 children}] RelativeParent to null
07-18 20:15:09.852 I/SurfaceFlinger(  862): [LayerHierarchy{RequestedLayerState{41c7445 SnapshotStartingWindow for taskId=85#9591 z=2147483647} no children}] reparent to OffscreenRoot
07-18 20:15:09.852 I/SurfaceFlinger(  862): [LayerHierarchy{RequestedLayerState{41c7445 SnapshotStartingWindow for taskId=85#9591 z=2147483647} no children}] RelativeParent to null
07-18 20:15:09.854 I/SurfaceFlinger(  862): id=9592 Removed SnapshotStartingWindow for taskId=85$_1784#9592 (192)
07-18 20:15:09.854 I/SurfaceFlinger(  862): id=9601 Removed Surface(name=41c7445 SnapshotStartingWindow for taskId=85)/@0xd710633 - animation-leash of window_animation#9601 (192)
07-18 20:15:09.854 I/SurfaceFlinger(  862): id=9591 Removed 41c7445 SnapshotStartingWindow for taskId=85#9591 (192)
07-18 20:15:09.860 D/MdnieScenarioControlService( 1367):  packageName : com.gearup.booster    className : com.gearup.booster.ui.activity.MainActivity
07-18 20:15:09.860 V/MdnieScenarioControlService( 1367): setUIMode from UI function(3)
07-18 20:15:09.869 I/SurfaceFlinger(  862): destroyed Surface(name=41c7445 SnapshotStartingWindow for taskId=85)/@0xd710633 - animation-leash of window_animation#9601
07-18 20:15:09.869 I/SurfaceFlinger(  862): destroyed SnapshotStartingWindow for taskId=85$_1784#9592
07-18 20:15:09.869 I/SurfaceFlinger(  862): destroyed 41c7445 SnapshotStartingWindow for taskId=85#9591
07-18 20:15:09.870 I/Layer   (  862): id=9601 Destroyed Surface(name=41c7445 SnapshotStartingWindow for taskId=85)/@0xd710633 - animation-leash of window_animation#9601
07-18 20:15:09.870 I/Layer   (  862): id=9591 Destroyed 41c7445 SnapshotStartingWindow for taskId=85#9591
07-18 20:15:09.871 I/Layer   (  862): id=9592 Destroyed SnapshotStartingWindow for taskId=85$_1784#9592
07-18 20:15:09.961 V/MdnieScenarioControlService( 1367): mAclOffEnabled : false
07-18 20:15:10.014 I/HYPER-HAL(  794): [RequestManager.cpp]releaseLocked(): Released ID : 973738
07-18 20:15:10.156 D/SGM:GameManager( 1367): identifyForegroundApp. com.gearup.booster, mCurrentUserId: 0, callerUserId: 0
07-18 20:15:10.156 D/SGM:SemGameManager( 1367): isForegroundGame(), ret=false
07-18 20:15:10.178 I/InputMethodService( 6169): removeImeSurface
07-18 20:15:10.178 I/InputMethodService( 6169): cancelImeSurfaceRemoval: removeCallbacks
07-18 20:15:10.324 I/HYPER-HAL(  794): [RequestManager.cpp]releaseLocked(): Released ID : 957052
07-18 20:15:10.727 D/SemWifiUsabilityStatsMonitor( 1367): onWifiUsabilityStats - seqNum 6049, isSameBssidAndFreq true
07-18 20:15:10.728 I/SemWifiLinkQualityMonitor( 1367): Link stat: 2857 / 394 / 1.53 (124) / 130 / -60.0 || 100.0 : 130.00 / 0.5 : 0.65 / 0.55 : 0.14 / G (G) || ca35cb532437: 0.374 / 21.412 /  / N || N N / 5 / N 2.0 / Y 0 / 22138612 0
07-18 20:15:10.728 D/ConnectivityService( 1367): notifyType CALLBACK_CAP_CHANGED for [130 WIFI]
07-18 20:15:10.731 D/SemWifiApNsd:Client( 1367): lpInterface:wlan0
07-18 20:15:10.731 D/SemWifiSwitchForIndividualAppsService( 1367): stopTCPMonitoring : already stopped
07-18 20:15:10.731 I/WifiConnectivityMonitor.NCC( 1367): sNetworkCallback(oCC) FULL : 130(valid: true/captive: false)
07-18 20:15:10.732 I/WifiConnectivityMonitor.NCC( 1367): [ Transports: WIFI Capabilities: NOT_METERED&INTERNET&NOT_RESTRICTED&TRUSTED&NOT_VPN&VALIDATED&NOT_ROAMING&FOREGROUND&NOT_CONGESTED&NOT_SUSPENDED&NOT_VCN_MANAGED&NOT_BANDWIDTH_CONSTRAINED LinkUpBandwidth>=22918Kbps LinkDnBandwidth>=30000Kbps TransportInfo: <SSID: <unknown ssid>, BSSID: 02:00:00:**:**:00, MAC: 02:00:00:**:**:00, IP: /192.***.*.102, Security type: 2, Supplicant state: COMPLETED, Wi-Fi standard: 11n, RSSI: -60, Link speed: 130Mbps, Tx Link speed: 130Mbps, Max Supported Tx Link speed: 300Mbps, Rx Link speed: 117Mbps, Max Supported Rx Link speed: 300Mbps, Frequency: 2437MHz, Net ID: -1, Metered hint: false, score: 60, isUsable: true, CarrierMerged: false, SubscriptionId: -1, IsPrimary: 1, Trusted: true, Restricted: false, Ephemeral: false, OEM paid: false, OEM private: false, OSU AP: false, FQDN: <none>, Provider friendly name: <none>, Requesting package name: <none><none>MLO Information: , Is TID-To-Link negotiation supported by the AP: false, AP MLD Address: <none>, AP MLO Link Id: <none>, AP MLO Affiliated links: <none>, Vendor Data: <none>> SignalStrength: -60 AdminUids: [1000] SSID: "Nasme" UnderlyingNetworks: Null]
07-18 20:15:10.732 D/WifiConnectivityMonitor( 1367): HANDLE_ON_CAPABILITIES_CHANGED
07-18 20:15:10.733 I/WifiConnectivityMonitor( 1367): determineMode : MODE_NON_SWITCHABLE_BY_POOR_NETWORK_DETECTION_DISABLED
07-18 20:15:10.733 D/OpenNetworkQos[4.00]( 1367): updateBssidNoInternet: mBssidNoInternet = false
07-18 20:15:10.733 D/OpenNetworkQos[4.00]( 1367): getOpenNetworkQosNoInternetStatus: false
07-18 20:15:10.733 D/OpenNetworkQos[4.00]( 1367): getOpenNetworkQosScores: 16 16 9 
07-18 20:15:10.733 D/KNOX_MDM_SettingsProvider( 1367): isChangeAllowed() : name = wifi_wcm_qos_sharing_score_summary
07-18 20:15:10.733 D/SemApeService( 1367): Deducted link capacity (M: R=91 T=100) RSSI=-60
07-18 20:15:10.733 D/SemApeService( 1367): Deducted link capacity (M: R=91 T=100) on (wlan0) GoogleAPI(M: R=30 T=22) RSSI=-60 isDefault=true isMlo=false
07-18 20:15:10.733 I/WifiProfileShare( 1367): network QoS data was changed (internet), updateQoSData networkType: true, qosData: false
07-18 20:15:10.734 V/WifiProfileShare.Caster( 1367): update wips network, size: 0
07-18 20:15:10.734 D/WifiProfileShare( 1367): nearby scanning settings run
07-18 20:15:10.734 D/WifiProfileShare( 1367): network score provider settings enabled
07-18 20:15:10.734 D/OpenNetworkQos[4.00]( 1367): getOpenNetworkQosScores: 16 16 9 
07-18 20:15:10.734 D/OpenNetworkQos[4.00]( 1367): getOpenNetworkQosNoInternetStatus: false
07-18 20:15:10.734 I/WifiProfileShare.Caster( 1367): current network type: 0, score: [16, 16, 9]
07-18 20:15:10.736 V/WifiProfileShare.Cache( 1367): update network score 7c:8b:ca:**:**:53
07-18 20:15:10.736 D/WifiPickerTracker( 1784): updateWifiEntries capabilities
07-18 20:15:10.736 D/WifiProfileShare.ScanMatcher( 1367): getMcfDataList size:1
07-18 20:15:10.737 I/WifiProfileShare.Caster( 1367): qos data was updated , before:type:QOS, pBssid:be:01:2f, qosData:5c after:type:QOS, pBssid:be:01:2f, qosData:5c
07-18 20:15:10.738 I/[MCFSDK_android_1.2.27006]_4_McfCasterImpl( 1367): isNetworkEnabled - type : 1 ret : true
07-18 20:15:10.738 D/WifiProfileShare.McfCast( 1367): -ME--- mIsNetworkEnabled :true
07-18 20:15:10.738 D/WifiProfileShare.McfCast( 1367): updateQoSData ignored, same contents
07-18 20:15:10.738 D/WifiProfileShare.MCF( 1367): success update QosData !
07-18 20:15:10.738 D/SemWifiApTrafficPriority( 1367): onCapabilitiesChanged Wifi:wlan0,mGapiValue:30.0Uplink: 22.918
07-18 20:15:10.739 I/[MCFSDK_android_1.2.27006]_4_McfCasterImpl( 1367): isNetworkEnabled - type : 1 ret : true
07-18 20:15:10.739 D/WifiProfileShare.McfCast( 1367): -ME--- mIsNetworkEnabled :true
07-18 20:15:10.739 D/WifiProfileShare.McfCast( 1367): -ME--- updatePasswordDate pwdData size:1
07-18 20:15:10.739 D/WifiPickerTracker( 1784): update AutoHotspot Entries() : bleAccessPoints -> 0
07-18 20:15:10.740 D/WifiPickerTracker( 1784): handleNetworkCapabilitiesChanged
07-18 20:15:10.745 I/BugleRcsEngine( 3424): handleMessage processing message:[NOTIFY_UPTIME_IGNORE_STATE_CHANGED] with [non-null]:RcsEngineImpl reference [CONTEXT log_prefix="RcsEngineImpl[DUAL_REG]:[be3ea68e-5e5b]>Handler" thread_id=258 ]
07-18 20:15:10.745 I/BugleRcsEngine( 3424): Connected state: [1], networkType: [WIFI] [CONTEXT thread_id=249 ]
07-18 20:15:10.748 I/HBD     ( 6169): g onCapabilitiesChanged network : 130 current network state : wifi 
07-18 20:15:10.754 D/ConnectivityManager( 2405): StackLog: [android.net.ConnectivityManager.sendRequestForNetwork(ConnectivityManager.java:4671)] [android.net.ConnectivityManager.sendRequestForNetwork(ConnectivityManager.java:4838)] [android.net.ConnectivityManager.registerNetworkCallback(ConnectivityManager.java:5220)] [android.net.ConnectivityManager.registerNetworkCallback(ConnectivityManager.java:5190)] [dsnc.a(:com.google.android.gms@262434035@26.24.34 (260400-938041327):34)] [lmb.a(:com.google.android.gms@262434035@26.24.34 (260400-938041327):19)] [dsno.j(:com.google.android.gms@262434035@26.24.34 (260400-938041327):19)] [dsno.O(:com.google.android.gms@262434035@26.24.34 (260400-938041327):14)] [dsno.K(:com.google.android.gms@262434035@26.24.34 (260400-938041327):7)] [dsno.I(:com.google.android.gms@262434035@26.24.34 (260400-938041327):23)] [dsng.run(:com.google.android.gms@262434035@26.24.34 (260400-938041327):9)] [blmv.c(:com.google.android.gms@262434035@26.24.34 (260400-938041327):50)] [blmv.run(:com.google.android.gms@262434035@26.24.34 (260400-938041327):66)] [java.util.concurrent.ThreadPoolExecutor.runWorker(ThreadPoolExecutor.java:1145)] [java.util.concurrent.ThreadPoolExecutor$Worker.run(ThreadPoolExecutor.java:644)] [blsn.run(:com.google.android.gms@262434035@26.24.34 (260400-938041327):8)] [java.lang.Thread.run(Thread.java:1012)]
07-18 20:15:10.756 D/WM-NetworkStateTracker( 1533): Network capabilities changed: [ Transports: WIFI Capabilities: NOT_METERED&INTERNET&NOT_RESTRICTED&TRUSTED&NOT_VPN&VALIDATED&NOT_ROAMING&FOREGROUND&NOT_CONGESTED&NOT_SUSPENDED&NOT_VCN_MANAGED&NOT_BANDWIDTH_CONSTRAINED LinkUpBandwidth>=22918Kbps LinkDnBandwidth>=30000Kbps TransportInfo: <SSID: <unknown ssid>, BSSID: 02:00:00:00:00:00, MAC: 02:00:00:00:00:00, IP: /192.168.1.102, Security type: 2, Supplicant state: COMPLETED, Wi-Fi standard: 11n, RSSI: -60, Link speed: 130Mbps, Tx Link speed: 130Mbps, Max Supported Tx Link speed: 300Mbps, Rx Link speed: 117Mbps, Max Supported Rx Link speed: 300Mbps, Frequency: 2437MHz, Net ID: -1, Metered hint: false, score: 60, isUsable: true, CarrierMerged: false, SubscriptionId: -1, IsPrimary: -1, Trusted: true, Restricted: false, Ephemeral: false, OEM paid: false, OEM private: false, OSU AP: false, FQDN: <none>, Provider friendly name: <none>, Requesting package name: <none><none>MLO Information: , Is TID-To-Link negotiation supported by the AP: false, AP MLD Address: <none>, AP MLO Link Id: <none>, AP MLO Affiliated links: <none>, Vendor Data: <none>> SignalStrength: -60 UnderlyingNetworks: Null]
07-18 20:15:10.765 D/ConnectivityManager( 2405): StackLog: [android.net.ConnectivityManager.unregisterNetworkCallback(ConnectivityManager.java:5470)] [dsno.j(:com.google.android.gms@262434035@26.24.34 (260400-938041327):43)] [dsno.O(:com.google.android.gms@262434035@26.24.34 (260400-938041327):14)] [dsno.K(:com.google.android.gms@262434035@26.24.34 (260400-938041327):7)] [dsno.I(:com.google.android.gms@262434035@26.24.34 (260400-938041327):23)] [dsng.run(:com.google.android.gms@262434035@26.24.34 (260400-938041327):9)] [blmv.c(:com.google.android.gms@262434035@26.24.34 (260400-938041327):50)] [blmv.run(:com.google.android.gms@262434035@26.24.34 (260400-938041327):66)] [java.util.concurrent.ThreadPoolExecutor.runWorker(ThreadPoolExecutor.java:1145)] [java.util.concurrent.ThreadPoolExecutor$Worker.run(ThreadPoolExecutor.java:644)] [blsn.run(:com.google.android.gms@262434035@26.24.34 (260400-938041327):8)] [java.lang.Thread.run(Thread.java:1012)]
07-18 20:15:10.765 D/ConnectivityService( 1367): Rematched networks [computed 0ms] [applied 0ms] [issued 2]
07-18 20:15:10.765 D/ConnectivityService( 1367): NetworkReassignment : no changes
07-18 20:15:10.766 I/NearbyMediums( 2405): Wifi changed new SSID: <unknown ssid>
07-18 20:15:10.766 I/NearbyMediums( 2405): WifiLanConnectivityInfo is not changed, skip notify.
07-18 20:15:10.818 I/HYPER-HAL(  794): [RequestManager.cpp]releaseLocked(): Released ID : 6377819
07-18 20:15:10.848 D/NativeSemDvfsManager(  862): acquire:: timeout = 2000 mIsAcquired = 1  mTagName : SurfaceFlinger 
07-18 20:15:10.849 I/HYPER-HAL(  794): [RequestManager.cpp]acquire(): Acquired ID : 1735453  [862 / 1000]    HINT : SF_GPU_MINLOCK    list : [TIMEOUT / 2000] 
07-18 20:15:10.849 E/NativeCustomFrequencyManager(  862): [NativeCFMS] BpCustomFrequencyManager::acquire()
07-18 20:15:10.851 I/HBD     ( 6169): g onCapabilityChanged  setNetworkState currentNetworkState : wifi 
07-18 20:15:11.175 I/.gearup.booster(31715): Background concurrent mark compact GC freed 18MB AllocSpace bytes, 134(4340KB) LOS objects, 66% free, 12MB/37MB, paused 1.018ms,7.835ms total 101.796ms
07-18 20:15:11.187 I/SDHMS:x ( 3558): SIOP:: AP:421 BAT:437 USB:377 CHG:404 PA:404 WIFI:409 SKIN:389 SKINF:389 SKINB:389 LRP:389 LRF:389 LRB:389 AVGCUR:137 AVGSYS:223 POWER:514
07-18 20:15:11.187 D/PowerManagerService( 1367): [api] setMasterBrightnessLimit : lowerLimit : -1  upperLimit : 458  mMasterBrightnessLimitPeriod : 200 (uid: 1000 pid: 3558)
07-18 20:15:11.187 I/SDHMS:N0( 3558): p2p-if:: false, , 
07-18 20:15:11.189 D/PowerManagerService( 1367): [api] BrightnessLimitRunnable done
07-18 20:15:11.253 I/NearbySharing( 2405): Network state changed: NetworkState(isRestricted=false, isOnline=true, isCongested=false, isMetered=false, isWifiConnected=true)
07-18 20:15:11.253 I/NearbySharing( 2405): Network state changed: NetworkState(isRestricted=false, isOnline=true, isCongested=false, isMetered=false, isWifiConnected=true)
07-18 20:15:11.389 E/libprocessgroup( 1367): Failed to write '4-7' to /dev/cpuset/cpus: Permission denied
07-18 20:15:11.906 E/libprocessgroup( 1367): Failed to write '4-7' to /dev/cpuset/cpus: Permission denied
07-18 20:15:12.234 D/InputReader( 1367): Btn_touch(9): value=1 when=22140.119661
07-18 20:15:12.234 I/InputReader( 1367): Touch event's action is 0x0 (id=4, t=0) [pCnt=1, s=0.11618 ] when=22140.119661
07-18 20:15:12.236 I/InputDispatcher( 1367): Delivering touch to (1784): action: 0x4, f=0x0, d=0, 'a8d08b7', t=1 
07-18 20:15:12.236 I/InputDispatcher( 1367): Delivering touch to (31715): action: 0x0, f=0x0, d=0, '2d87409', t=1 *(0.50)
07-18 20:15:12.236 D/PowerManagerService( 1367): [api] userActivityFromNative : touch displayId=0 eventTime=22140119
07-18 20:15:12.237 D/PowerManagerService( 1367): UserActivityStateListenerState: 1
07-18 20:15:12.237 I/VRI[MainActivity]@61f5b98(31715): ViewPostIme pointer 0
07-18 20:15:12.237 I/GestureDetector( 1367): obtain mCurrentDownEvent. id: 857174814 caller: com.android.server.wm.SystemGesturesPointerEventListener.onPointerEvent:16 com.android.server.wm.PointerEventDispatcher.onInputEvent:50 android.view.InputEventReceiver.dispatchInputEvent:37 
07-18 20:15:12.237 D/PowerManagerService( 1367): displayReady: false groupId=0
07-18 20:15:12.238 I/GestureDetector(31715): obtain mCurrentDownEvent. id: 857174814 caller: io.sentry.android.core.internal.gestures.e.a:6 io.sentry.android.core.internal.gestures.e.dispatchTouchEvent:12 com.android.internal.policy.DecorView.dispatchTouchEvent:20 
07-18 20:15:12.238 I/GestureDetector( 1367): obtain mCurrentDownEvent. id: 857174814 caller: com.android.server.wm.SystemPerformancePointerEventListener.onPointerEvent:12 com.android.server.wm.PointerEventDispatcher.onInputEvent:50 android.view.InputEventReceiver.dispatchInputEvent:37 
07-18 20:15:12.238 D/DisplayPowerController2[0]( 1367): animateScreenStateChange: target=ON, mIsEnabled=true
07-18 20:15:12.239 D/DisplayPowerController2[7]( 1367): animateScreenStateChange: target=ON, mIsEnabled=true
07-18 20:15:12.239 D/PowerManagerService( 1367): displayReady: true groupId=0
07-18 20:15:12.239 I/VRI[MainActivity]@61f5b98(31715): call setFrameRateCategory for touch hint category=high hint, reason=touch, vri=VRI[MainActivity]@61f5b98
07-18 20:15:12.243 I/GestureDetector( 1367): obtain mCurrentMotionEventRaw. action: 2 id: 378279889
07-18 20:15:12.243 I/GestureDetector( 1367): obtain mCurrentMotionEventRaw. action: 2 id: 378279889
07-18 20:15:12.246 I/GestureDetector(31715): obtain mCurrentMotionEventRaw. action: 2 id: 378279889
07-18 20:15:12.254 I/SurfaceFlinger(  862): [com.gearup.booster/com.gearup.booster.ui.activity.MainActivity$_31715#9599] setFrameRateCategory: HighHint
07-18 20:15:12.293 D/InputReader( 1367): Btn_touch(9): value=0 when=22140.178149
07-18 20:15:12.293 I/InputReader( 1367): Touch event's action is 0x1 (id=4, t=0) [pCnt=1, s=] when=22140.178149
07-18 20:15:12.293 I/InputDispatcher( 1367): Delivering touch to (31715): action: 0x1, f=0x0, d=0, '2d87409', t=1 *(0.50)
07-18 20:15:12.294 I/VRI[MainActivity]@61f5b98(31715): ViewPostIme pointer 1
07-18 20:15:12.363 D/NativeSemDvfsManager(  862): acquire:: timeout = 2000 mIsAcquired = 1  mTagName : SurfaceFlinger 
07-18 20:15:12.364 E/NativeCustomFrequencyManager(  862): [NativeCFMS] BpCustomFrequencyManager::acquire()
07-18 20:15:12.364 I/HYPER-HAL(  794): [RequestManager.cpp]acquire(): Acquired ID : 1735453  [862 / 1000]    HINT : SF_GPU_MINLOCK    list : [TIMEOUT / 2000] 
07-18 20:15:12.399 I/Finsky  (31175): [3942] Stats for Executor: GrpcBackgroundExecutor wds@c460667[Running, pool size = 4, active threads = 0, queued tasks = 0, completed tasks = 33]
07-18 20:15:12.423 E/libprocessgroup( 1367): Failed to write '4-7' to /dev/cpuset/cpus: Permission denied
07-18 20:15:12.537 I/GestureDetector( 1367): handleMessage TAP
07-18 20:15:12.538 I/GestureDetector( 1367): handleMessage TAP
07-18 20:15:12.828 E/TaskPersister( 1367): File error accessing recents directory (directory doesn't exist?).
07-18 20:15:12.830 D/BufferPoolAccessor2.0(  739): bufferpool2 0xb40000766c9350c8 : 5(19200 size) total buffers - 4(15360 size) used buffers - 16892/16897 (recycle/alloc) - 8/33785 (fetch/transfer)
07-18 20:15:12.873 D/BufferPoolAccessor2.0( 1035): bufferpool2 0xb40000726e3a2c28 : 3(7500 size) total buffers - 1(3000 size) used buffers - 16893/16896 (recycle/alloc) - 19/16894 (fetch/transfer)
07-18 20:15:13.326 I/HYPER-HAL(  794): [RequestManager.cpp]releaseLocked(): Released ID : 6384966
07-18 20:15:13.331 D/NetdEventListenerService( 1367): DNS Requested by 130, 10406(com.gearup.booster), SUCCESS, 3803ms
07-18 20:15:13.411 I/SDHMS:LOAD( 3558): type: LoadsFreqs, value: 0:21:2:850979:2470000:624000:1264920:2400000:962000:100:325:0
07-18 20:15:13.424 E/libprocessgroup( 1367): Failed to write '0-7' to /dev/cpuset/cpus: Permission denied
07-18 20:15:13.568 D/InputReader( 1367): Btn_touch(9): value=1 when=22141.454004
07-18 20:15:13.569 I/InputReader( 1367): Touch event's action is 0x0 (id=4, t=0) [pCnt=1, s=0.11619 ] when=22141.454004
07-18 20:15:13.570 I/InputDispatcher( 1367): Delivering touch to (1784): action: 0x4, f=0x0, d=0, 'a8d08b7', t=1 
07-18 20:15:13.570 I/InputDispatcher( 1367): Delivering touch to (31715): action: 0x0, f=0x0, d=0, '2d87409', t=1 *(0.50)
07-18 20:15:13.571 D/PowerManagerService( 1367): [api] userActivityFromNative : touch displayId=0 eventTime=22141454
07-18 20:15:13.571 I/VRI[MainActivity]@61f5b98(31715): ViewPostIme pointer 0
07-18 20:15:13.572 I/GestureDetector(31715): obtain mCurrentDownEvent. id: 367122909 caller: io.sentry.android.core.internal.gestures.e.a:6 io.sentry.android.core.internal.gestures.e.dispatchTouchEvent:12 com.android.internal.policy.DecorView.dispatchTouchEvent:20 
07-18 20:15:13.572 I/GestureDetector( 1367): obtain mCurrentDownEvent. id: 367122909 caller: com.android.server.wm.SystemGesturesPointerEventListener.onPointerEvent:16 com.android.server.wm.PointerEventDispatcher.onInputEvent:50 android.view.InputEventReceiver.dispatchInputEvent:37 
07-18 20:15:13.573 I/GestureDetector( 1367): obtain mCurrentDownEvent. id: 367122909 caller: com.android.server.wm.SystemPerformancePointerEventListener.onPointerEvent:12 com.android.server.wm.PointerEventDispatcher.onInputEvent:50 android.view.InputEventReceiver.dispatchInputEvent:37 
07-18 20:15:13.578 I/GestureDetector( 1367): obtain mCurrentMotionEventRaw. action: 2 id: 792405199
07-18 20:15:13.578 I/GestureDetector( 1367): obtain mCurrentMotionEventRaw. action: 2 id: 792405199
07-18 20:15:13.578 I/GestureDetector(31715): obtain mCurrentMotionEventRaw. action: 2 id: 792405199
07-18 20:15:13.623 D/FreecessController( 1367): com.gearup.booster(10406) is important[12]
07-18 20:15:13.652 D/InputReader( 1367): Btn_touch(9): value=0 when=22141.537281
07-18 20:15:13.652 I/InputReader( 1367): Touch event's action is 0x1 (id=4, t=0) [pCnt=1, s=] when=22141.537281
07-18 20:15:13.652 I/InputDispatcher( 1367): Delivering touch to (31715): action: 0x1, f=0x0, d=0, '2d87409', t=1 *(0.50)
07-18 20:15:13.653 I/VRI[MainActivity]@61f5b98(31715): ViewPostIme pointer 1
07-18 20:15:13.674 E/libprocessgroup( 1367): Failed to write '4-7' to /dev/cpuset/cpus: Permission denied
07-18 20:15:13.776 D/SemWifiUsabilityStatsMonitor( 1367): onWifiUsabilityStats - seqNum 6050, isSameBssidAndFreq true
07-18 20:15:13.777 D/ConnectivityService( 1367): notifyType CALLBACK_CAP_CHANGED for [130 WIFI]
07-18 20:15:13.778 I/SemWifiLinkQualityMonitor( 1367): Link stat: 3069 / 347 / 2.09 (92) / 130 / -60.0 || 100.0 : 130.00 / 0.5 : 0.48 / G (B) || ca35cb532437: 0.367 / 21.821 /  / N || N N / 5 / N 2.0 / Y 0 / 22141661 0
07-18 20:15:13.780 D/SemWifiApNsd:Client( 1367): lpInterface:wlan0
07-18 20:15:13.780 D/SemWifiSwitchForIndividualAppsService( 1367): stopTCPMonitoring : already stopped
07-18 20:15:13.780 I/WifiConnectivityMonitor.NCC( 1367): sNetworkCallback(oCC) FULL : 130(valid: true/captive: false)
07-18 20:15:13.781 D/SemApeService( 1367): Deducted link capacity (M: R=81 T=91) RSSI=-60
07-18 20:15:13.781 D/SemApeService( 1367): Deducted link capacity (M: R=81 T=91) on (wlan0) GoogleAPI(M: R=30 T=22) RSSI=-60 isDefault=true isMlo=false
07-18 20:15:13.781 I/WifiConnectivityMonitor.NCC( 1367): [ Transports: WIFI Capabilities: NOT_METERED&INTERNET&NOT_RESTRICTED&TRUSTED&NOT_VPN&VALIDATED&NOT_ROAMING&FOREGROUND&NOT_CONGESTED&NOT_SUSPENDED&NOT_VCN_MANAGED&NOT_BANDWIDTH_CONSTRAINED LinkUpBandwidth>=22918Kbps LinkDnBandwidth>=30000Kbps TransportInfo: <SSID: <unknown ssid>, BSSID: 02:00:00:**:**:00, MAC: 02:00:00:**:**:00, IP: /192.***.*.102, Security type: 2, Supplicant state: COMPLETED, Wi-Fi standard: 11n, RSSI: -60, Link speed: 130Mbps, Tx Link speed: 130Mbps, Max Supported Tx Link speed: 300Mbps, Rx Link speed: 52Mbps, Max Supported Rx Link speed: 300Mbps, Frequency: 2437MHz, Net ID: -1, Metered hint: false, score: 60, isUsable: true, CarrierMerged: false, SubscriptionId: -1, IsPrimary: 1, Trusted: true, Restricted: false, Ephemeral: false, OEM paid: false, OEM private: false, OSU AP: false, FQDN: <none>, Provider friendly name: <none>, Requesting package name: <none><none>MLO Information: , Is TID-To-Link negotiation supported by the AP: false, AP MLD Address: <none>, AP MLO Link Id: <none>, AP MLO Affiliated links: <none>, Vendor Data: <none>> SignalStrength: -60 AdminUids: [1000] SSID: "Nasme" UnderlyingNetworks: Null]
07-18 20:15:13.781 D/WifiConnectivityMonitor( 1367): HANDLE_ON_CAPABILITIES_CHANGED
07-18 20:15:13.782 I/WifiConnectivityMonitor( 1367): determineMode : MODE_NON_SWITCHABLE_BY_POOR_NETWORK_DETECTION_DISABLED
07-18 20:15:13.782 D/OpenNetworkQos[4.00]( 1367): updateBssidNoInternet: mBssidNoInternet = false
07-18 20:15:13.782 D/OpenNetworkQos[4.00]( 1367): getOpenNetworkQosNoInternetStatus: false
07-18 20:15:13.782 D/OpenNetworkQos[4.00]( 1367): getOpenNetworkQosScores: 16 16 9 
07-18 20:15:13.782 D/KNOX_MDM_SettingsProvider( 1367): isChangeAllowed() : name = wifi_wcm_qos_sharing_score_summary
07-18 20:15:13.782 I/WifiProfileShare( 1367): network QoS data was changed (internet), updateQoSData networkType: true, qosData: false
07-18 20:15:13.782 V/WifiProfileShare.Caster( 1367): update wips network, size: 0
07-18 20:15:13.782 D/WifiProfileShare( 1367): nearby scanning settings run
07-18 20:15:13.783 D/WifiProfileShare( 1367): network score provider settings enabled
07-18 20:15:13.783 D/OpenNetworkQos[4.00]( 1367): getOpenNetworkQosScores: 16 16 9 
07-18 20:15:13.783 D/OpenNetworkQos[4.00]( 1367): getOpenNetworkQosNoInternetStatus: false
07-18 20:15:13.783 I/WifiProfileShare.Caster( 1367): current network type: 0, score: [16, 16, 9]
07-18 20:15:13.783 V/WifiProfileShare.Cache( 1367): update network score 7c:8b:ca:**:**:53
07-18 20:15:13.783 D/WifiProfileShare.ScanMatcher( 1367): getMcfDataList size:1
07-18 20:15:13.783 I/WifiProfileShare.Caster( 1367): qos data was updated , before:type:QOS, pBssid:be:01:2f, qosData:5c after:type:QOS, pBssid:be:01:2f, qosData:5c
07-18 20:15:13.784 I/[MCFSDK_android_1.2.27006]_4_McfCasterImpl( 1367): isNetworkEnabled - type : 1 ret : true
07-18 20:15:13.784 D/WifiProfileShare.McfCast( 1367): -ME--- mIsNetworkEnabled :true
07-18 20:15:13.784 D/WifiProfileShare.McfCast( 1367): updateQoSData ignored, same contents
07-18 20:15:13.784 D/WifiProfileShare.MCF( 1367): success update QosData !
07-18 20:15:13.785 I/[MCFSDK_android_1.2.27006]_4_McfCasterImpl( 1367): isNetworkEnabled - type : 1 ret : true
07-18 20:15:13.785 D/WifiProfileShare.McfCast( 1367): -ME--- mIsNetworkEnabled :true
07-18 20:15:13.785 D/WifiProfileShare.McfCast( 1367): -ME--- updatePasswordDate pwdData size:1
07-18 20:15:13.790 D/WifiPickerTracker( 1784): updateWifiEntries capabilities
07-18 20:15:13.794 D/SemWifiApTrafficPriority( 1367): onCapabilitiesChanged Wifi:wlan0,mGapiValue:30.0Uplink: 22.918
07-18 20:15:13.799 I/BugleRcsEngine( 3424): handleMessage processing message:[NOTIFY_UPTIME_IGNORE_STATE_CHANGED] with [non-null]:RcsEngineImpl reference [CONTEXT log_prefix="RcsEngineImpl[DUAL_REG]:[be3ea68e-5e5b]>Handler" thread_id=258 ]
07-18 20:15:13.800 I/HBD     ( 6169): g onCapabilitiesChanged network : 130 current network state : wifi 
07-18 20:15:13.801 I/BugleRcsEngine( 3424): Connected state: [1], networkType: [WIFI] [CONTEXT thread_id=249 ]
